// Jest Snapshot v1, https://goo.gl/fbAQLP

exports[`matches the snapshot 1`] = `
<DocumentFragment>
  <div>
    <span>
      Clean my room
    </span>
    <button>
      X
    </button>
  </div>
</DocumentFragment>
`;
